../Core/Src/main.c:88:5:__io_putchar	24	static
../Core/Src/main.c:100:6:HAL_TIM_PeriodElapsedCallback	16	static
../Core/Src/main.c:122:6:HAL_TIM_IC_CaptureCallback	16	static
../Core/Src/main.c:157:6:STOP	8	static
../Core/Src/main.c:165:6:HAL_UART_RxCpltCallback	16	static
../Core/Src/main.c:254:6:PRZOD	8	static
../Core/Src/main.c:262:6:LEWA	8	static
../Core/Src/main.c:270:6:PRAWA	8	static
../Core/Src/main.c:278:6:OBROT_P	8	static
../Core/Src/main.c:286:6:OBROT_L	8	static
../Core/Src/main.c:294:6:TYL	8	static
../Core/Src/main.c:308:5:main	16	static
../Core/Src/main.c:706:6:SystemClock_Config	88	static
../Core/Src/main.c:756:6:Error_Handler	4	static,ignoring_inline_asm
