../Core/Src/main.c:89:5:__io_putchar	24	static
../Core/Src/main.c:101:6:HAL_TIM_PeriodElapsedCallback	16	static
../Core/Src/main.c:123:6:HAL_TIM_IC_CaptureCallback	16	static
../Core/Src/main.c:158:6:STOP	8	static
../Core/Src/main.c:166:6:HAL_UART_RxCpltCallback	16	static
../Core/Src/main.c:255:6:PRZOD	8	static
../Core/Src/main.c:263:6:LEWA	8	static
../Core/Src/main.c:271:6:PRAWA	8	static
../Core/Src/main.c:279:6:OBROT_P	8	static
../Core/Src/main.c:287:6:OBROT_L	8	static
../Core/Src/main.c:295:6:TYL	8	static
../Core/Src/main.c:309:5:main	24	static
../Core/Src/main.c:839:6:SystemClock_Config	88	static
../Core/Src/main.c:889:6:Error_Handler	4	static,ignoring_inline_asm
