../Core/Src/rc5_decode.c:263:10:TIM_GetCounterCLKValue	24	static
../Core/Src/rc5_decode.c:289:6:Menu_RC5Decode_Func	4	static
../Core/Src/rc5_decode.c:340:6:RC5_DeInit	8	static
../Core/Src/rc5_decode.c:351:6:RC5_Init	80	static
../Core/Src/rc5_decode.c:463:6:RC5_Decode	16	static
../Core/Src/rc5_decode.c:500:6:RC5_ResetPacket	4	static
../Core/Src/rc5_decode.c:514:6:RC5_DataSampling	24	static
../Core/Src/rc5_decode.c:564:16:RC5_GetPulseLength	16	static
../Core/Src/rc5_decode.c:585:13:RC5_modifyLastBit	16	static
../Core/Src/rc5_decode.c:609:13:RC5_WriteBit	16	static
